// Jest Snapshot v1, https://goo.gl/fbAQLP

exports[`Button component Button renders children 1`] = `
<button
  className="button"
  onClick={[Function]}
>
  TEST
  TEST
</button>
`;
